// Jest Snapshot v1, https://goo.gl/fbAQLP

exports[`Details matches a snapshot of details 1`] = `
<Fragment>
  <ul
    key="1"
  >
    <Detail
      id={1}
      image="https://vignette.wikia.nocookie.net/x-files/images/a/ae/Barack_Obama.png/revision/latest/scale-to-width-down/310?cb=20160127051451"
      name="Barack Obama"
      occupation="President"
      portrayedby="Himself"
      status="Alive"
    />
  </ul>
  <ul
    key="2"
  >
    <Detail
      id={2}
      image="https://vignette.wikia.nocookie.net/x-files/images/a/ae/Barack_Obama.png/revision/latest/scale-to-width-down/310?cb=20160127051451"
      name="Barack Obama"
      occupation="President"
      portrayedby="Himself"
      status="Alive"
    />
  </ul>
</Fragment>
`;
