// Jest Snapshot v1, https://goo.gl/fbAQLP

exports[`App component renders App 1`] = `
<Fragment>
  <Header />
  <Detail
    actor="Gillian Anderson"
    image="https://vignette.wikia.nocookie.net/x-files/images/3/31/Absalom.jpg/revision/latest/scale-to-width-down/310?cb=20070708201919"
    name="Dana Scully"
    occupation="FBI Agent"
    status="alive"
  />
</Fragment>
`;
